// Vitest Snapshot v1

exports[`<AddItemForm /> > should render a add form 1`] = `
<div>
  <form
    class="flex w-full"
  >
    <input
      autocomplete="off"
      class="border-2 border-teal-500 outline-none caret-white text-white px-4 py-2 rounded-md flex-1 bg-transparent focus:outline-none text-lg md:hover:scale-105 transition-all duration-700 hover:duration-150"
      id="add"
      name="add"
      placeholder="Type a task"
      type="text"
      value=""
    />
    <button
      class="bg-teal-500 text-white ml-6 px-4 py-2 rounded-md md:hover:scale-105 transition-all duration-700 hover:duration-150 select-none"
      type="submit"
    >
      Add
    </button>
  </form>
</div>
`;
